{
  "blueprint_book": {
    "blueprints": [
      {
        "blueprint": {
          "item": "blueprint",
          "version": 281479275675648
        },
        "index": 0
      }
    ],
    "item": "blueprint-book",
    "active_index": 0,
    "version": 281479275675648
  }
}
