{
  "blueprint_book": {
    "blueprints": [],
    "item": "blueprint-book",
    "active_index": 0,
    "version": 281479275675648
  }
}
