{
  "blueprint": {
    "item": "blueprint", 
    "version": 281479275675648, 
    "entities": [
      {"name": "substation", "position": {"x": -308, "y": -16}}, 
      {
        "name": "small-lamp", 
        "connections": {"1": {"red": [{"_ref_id": "2.5,-1", "circuit_id": 2}]}}, 
        "control_behavior": {
          "use_colors": true, 
          "circuit_condition": {"comparator": "=", "constant": 21, "first_signal": {"name": "signal-X", "type": "virtual"}}
        }, 
        "position": {"x": -307.5, "y": -12.5}
      }, 
      {
        "name": "arithmetic-combinator", 
        "direction": 6, 
        "connections": {"1": {"green": [{"_ref_id": "0,3", "circuit_id": 2}]}, "2": {"red": [{"_ref_id": "-2.5,1"}]}}, 
        "control_behavior": {
          "arithmetic_conditions": {
            "operation": "/", 
            "second_constant": 2, 
            "first_signal": {"name": "signal-X", "type": "virtual"}, 
            "output_signal": {"name": "signal-X", "type": "virtual"}
          }
        }, 
        "position": {"x": -305, "y": -13.5}
      }, 
      {
        "name": "decider-combinator", 
        "direction": 6, 
        "connections": {"1": {"red": [{"_ref_id": "2.5,-1"}]}, "2": {"green": [{"_ref_id": "0,-3", "circuit_id": 1}]}}, 
        "control_behavior": {
          "decider_conditions": {
            "comparator": ">", 
            "constant": 0, 
            "copy_count_from_input": true, 
            "first_signal": {"name": "signal-X", "type": "virtual"}, 
            "output_signal": {"name": "signal-everything", "type": "virtual"}
          }
        }, 
        "position": {"x": -305, "y": -10.5}
      }, 
      {"name": "solar-panel", "position": {"x": -300.5, "y": -14.5}}, 
      {
        "name": "constant-combinator", 
        "direction": 4, 
        "connections": {"1": {"red": [{"_ref_id": "-2.5,1", "circuit_id": 1}]}}, 
        "control_behavior": {"filters": [{"count": 42, "index": 1, "signal": {"name": "signal-X", "type": "virtual"}}]}, 
        "position": {"x": -302.5, "y": -11.5}
      }
    ], 
    "icons": [{"index": 1, "signal": {"name": "arithmetic-combinator", "type": "item"}}]
  }
}
