{
  "blueprint": {
    "icons": [
      {
        "signal": {
          "type": "item",
          "name": "big-electric-pole"
        },
        "index": 1
      }
    ],
    "entities": [
      {
        "name": "big-electric-pole",
        "position": {
          "x": -290,
          "y": -20
        },
        "neighbours": [
          "5.5,1.5",
          "0.5,5.5"
        ]
      },
      {
        "name": "small-electric-pole",
        "position": {
          "x": -284.5,
          "y": -18.5
        },
        "neighbours": [
          "-5.5,-1.5"
        ]
      },
      {
        "name": "medium-electric-pole",
        "position": {
          "x": -289.5,
          "y": -14.5
        },
        "neighbours": [
          "-0.5,-5.5"
        ]
      }
    ],
    "item": "blueprint",
    "version": 281479275675648
  }
}
