{
  "blueprint": {
    "item": "blueprint", 
    "version": 281479275675648, 
    "entities": [
      {
        "name": "big-electric-pole", 
        "neighbours": ["5.5,1.5", "0.5,5.5"], 
        "position": {"x": -290, "y": -20}
      }, 
      {"name": "medium-electric-pole", "neighbours": ["-0.5,-5.5"], "position": {"x": -289.5, "y": -14.5}}, 
      {"name": "small-electric-pole", "neighbours": ["-5.5,-1.5"], "position": {"x": -284.5, "y": -18.5}}
    ], 
    "icons": [{"index": 1, "signal": {"name": "big-electric-pole", "type": "item"}}]
  }
}
